app/api/chat/route.ts(1040,11): error TS2322: Type '"inherited"' is not assignable to type '"heuristic" | "model-tag"'.
app/api/chat/route.ts(1186,11): error TS2451: Cannot redeclare block-scoped variable 'triggeredPrompt'.
app/api/chat/route.ts(1228,11): error TS2451: Cannot redeclare block-scoped variable 'triggeredPrompt'.
tests/api/memory.route.test.ts(39,17): error TS2540: Cannot assign to 'NODE_ENV' because it is a read-only property.
tests/api/memory.route.test.ts(51,17): error TS2540: Cannot assign to 'NODE_ENV' because it is a read-only property.
tests/api/tts.route.test.ts(32,20): error TS2554: Expected 0 arguments, but got 1.
